---
source: src/interpreter/tests/interpreter.rs
expression: interpreter
input_file: test_input/reim.prs
---
InterpreterState(
  objects: {
    "A": Point(Point(
      x: -1.2,
      y: 2.4,
    )),
    "B": Point(Point(
      x: -1.2,
      y: -2.4,
    )),
    "O1": Point(Point(
      x: -3.0,
      y: 0.0,
    )),
    "O2": Point(Point(
      x: 2.0,
      y: 0.0,
    )),
    "P": Point(Point(
      x: -3.7384615384615416,
      y: -2.9076923076923085,
    )),
    "Q": Point(Point(
      x: 5.876923076923075,
      y: -0.9846153846153851,
    )),
    "S": Point(Point(
      x: -4.289108910891093,
      y: 2.708910891089109,
    )),
    "T": Point(Point(
      x: 5.611881188118817,
      y: 1.7188118811881181,
    )),
    "c": Circle(Circle(
      O: Point(
        x: -3.0,
        y: 0.0,
      ),
      r: 3.0,
    )),
    "d": Circle(Circle(
      O: Point(
        x: 2.0,
        y: 0.0,
      ),
      r: 4.0,
    )),
    "k": Line(Line(
      a: -0.2,
      b: 1.0,
      c: 2.16,
    )),
    "l": Line(Line(
      a: 0.1,
      b: 1.0,
      c: -2.28,
    )),
  },
  config: {
    "angle": Number(0.0),
    "color": String("red"),
    "decorcolor": String("blue"),
    "decorfill": String("#00000000"),
    "decorsize": Number(8.0),
    "decorwidth": Number(1.5),
    "dist": Number(10.0),
    "dotfill": String("#000000"),
    "dotsize": Number(7.0),
    "dotstroke": String("#000000"),
    "dotwidth": Number(0.0),
    "fill": String("#00000000"),
    "font": String("serif"),
    "height": Number(10.0),
    "labelsize": Number(15.0),
    "linewidth": Number(1.5),
    "loc": Number(0.5),
    "width": Number(14.0),
  },
)
