---
source: src/interpreter/tests/interpreter.rs
expression: interpreter
input_file: test_input/euler.prs
---
InterpreterState(
  objects: {
    "A": Point(Point(
      x: -3.0,
      y: -1.0,
    )),
    "B": Point(Point(
      x: 3.0,
      y: -1.0,
    )),
    "C": Point(Point(
      x: 1.0,
      y: 3.0,
    )),
    "G": Point(Point(
      x: 0.3333333333333333,
      y: 0.3333333333333333,
    )),
    "H": Point(Point(
      x: 1.0,
      y: 1.0,
    )),
    "O": Point(Point(
      x: 0.0,
      y: 0.0,
    )),
  },
  config: {
    "angle": Number(0.0),
    "color": String("#000000"),
    "decorcolor": String("#000000"),
    "decorfill": String("#00000000"),
    "decorsize": Number(8.0),
    "decorwidth": Number(1.5),
    "dist": Number(10.0),
    "dotfill": String("#000000"),
    "dotsize": Number(2.5),
    "dotstroke": String("#000000"),
    "dotwidth": Number(0.0),
    "fill": String("#00000000"),
    "font": String("serif"),
    "height": Number(7.0),
    "labelsize": Number(15.0),
    "linewidth": Number(1.5),
    "loc": Number(0.5),
    "width": Number(7.0),
  },
)
